<html>
<head>
    <title></title>
</head>
<body>
<h1>Salut World!</h1>
</body>
</html>